// Jest Snapshot v1, https://goo.gl/fbAQLP

exports[`InvestmentPerformance Component matches snapshot 1`] = `
<DocumentFragment>
  <div
    class="MuiBox-root css-s37v5s"
  >
    <div
      class="MuiPaper-root MuiPaper-elevation MuiPaper-rounded MuiPaper-elevation3 css-yt9ce0-MuiPaper-root"
      style="--Paper-shadow: 0px 3px 3px -2px rgba(0,0,0,0.2),0px 3px 4px 0px rgba(0,0,0,0.14),0px 1px 8px 0px rgba(0,0,0,0.12);"
    >
      <h5
        class="MuiTypography-root MuiTypography-h5 css-1ffs2s2-MuiTypography-root"
      >
        Investment Performance
      </h5>
      <div
        class="recharts-responsive-container"
        style="width: 100%; height: 400px; min-width: 0;"
      />
    </div>
  </div>
</DocumentFragment>
`;
