// Jest Snapshot v1, https://goo.gl/fbAQLP

exports[`Layout Component Snapshot Test renders correctly with children 1`] = `
<DocumentFragment>
  <div
    class="MuiBox-root css-k008qs"
  >
    <div
      data-testid="sidebar"
    >
      Mock Sidebar
    </div>
    <main
      class="MuiBox-root css-12d2rpj"
    >
      <div
        data-testid="child-content"
      >
        Child Content
      </div>
    </main>
  </div>
</DocumentFragment>
`;
